created database sol
opened database sol
created table planets
inserted 4 record(s) into planets
false, 0, 
true, 1, 
closed database sol
dropped database sol
