created database sol
opened database sol
created table planets
inserted 4 record(s) into planets
false, 4
true, 1
false, 30
true, 10
closed database sol
dropped database sol
