created database sol
opened database sol
created table planets
inserted 4 record(s) into planets
ring_system, max(number_of_moons)
false, 6
true, 1
closed database sol
dropped database sol
