created database sol
created database orion
created database sirius
dropped database sol
dropped database orion
dropped database sirius
