created database sol
opened database sol
created table planets
dropped table planets
closed database sol
dropped database sol
