created database sol
opened database sol
created table planets
inserted 3 record(s) into planets
closed database sol
dropped database sol
