created database sol
opened database sol
created table planets
planets:
	id: int
	name: string
	moons: int
	gravity: float
	atmosphere: bool
dropped table planets
closed database sol
dropped database sol
