created database sol
opened database sol
created table planets
inserted 4 record(s) into planets
ring_system, count(1)
false, 1
closed database sol
dropped database sol
