created database sol
opened database sol
created table planets
inserted 4 record(s) into planets
ring_system, avg(mass)
false, 5.320000
closed database sol
dropped database sol
