created database sol
opened database sol
created table planets
inserted 4 record(s) into planets
true, 5, 
closed database sol
dropped database sol
