created database sol
opened database sol
created table planets
inserted 1 record(s) into planets
1, null, false
closed database sol
dropped database sol
