created database sol
opened database sol
created table planets
inserted 1 record(s) into planets
1, Mars, null, 
closed database sol
dropped database sol
