created database sol
opened database sol
closed database sol
dropped database sol
