created database sol
opened database sol
created table planets
inserted 2 record(s) into planets
id, name, mass, atmosphere
false, Venus, 10, false
true, Mars, 10, true
dropped table planets
closed database sol
dropped database sol
