created database sol
opened database sol
created table planets
inserted 3 record(s) into planets
-2, Venus, 10, false, 
1, Neptune, 20, false, 
3, Mars, 10, true, 
dropped table planets
closed database sol
dropped database sol
