created database sol
opened database sol
created table planets
id, name, mass, number_of_moons, surface_pressure, ring_system
closed database sol
dropped database sol
