created database sol
opened database sol
created table planets
inserted 4 record(s) into planets
inserted 3 record(s) into planets
Neptune, 
Mars, 
Venus, 
Earth, 
Mercury, 
Jupiter, 
Saturn, 
dropped table planets
closed database sol
dropped database sol
