created database sol
databases
sol
dropped database sol
