created database sol
opened database sol
created table planets
inserted 2 record(s) into planets
id, name, moons, rings
1, Mars, 2, true
id, name, moons, rings
1, Mars, 2, true
id, name, moons, rings
1, Mars, 2, true
closed database sol
dropped database sol
